============================= test session starts =============================
platform win32 -- Python 3.12.6, pytest-8.3.3, pluggy-1.5.0 -- C:\Users\prajw\AppData\Local\Programs\Python\Python312\python.exe
cachedir: .pytest_cache
dependencies: allensdk NOT INSTALLED, anys NOT INSTALLED, bids-validator-deno-2.4.1, bidsschematools-1.2.1, boto3 NOT INSTALLED, click-8.1.8, click-didyoumean-0.3.1, coverage NOT INSTALLED, dandi-0.74.3, dandischema-0.12.1, duecredit NOT INSTALLED, etelemetry-0.3.1, fasteners-0.20, flake8 NOT INSTALLED, fscacher-0.4.4, fsspec-2025.5.1, hdmf-4.3.1, humanize-4.15.0, interleave-0.3.0, joblib-1.4.2, keyring-25.6.0, keyrings.alt-5.0.2, ndx-events NOT INSTALLED, ndx-hed NOT INSTALLED, numcodecs-0.15.1, nwbinspector-0.7.0, opencv-python-4.10.0.84, packaging-24.1, platformdirs-4.2.2, pre-commit NOT INSTALLED, pycryptodomex-3.23.0, pydantic-2.9.2, pynwb-3.1.3, pyout-0.8.1, pytest-8.3.3, pytest-cov NOT INSTALLED, pytest-mock NOT INSTALLED, pytest-rerunfailures NOT INSTALLED, pytest-timeout NOT INSTALLED, python-dateutil-2.9.0.post0, requests-2.32.3, responses NOT INSTALLED, ruamel.yaml-0.18.10, semantic-version-2.10.0, tenacity-9.0.0, tensorstore-0.1.81, urllib3-2.2.2, vcrpy NOT INSTALLED, yarl-1.13.1, zarr-2.18.7, zarr_checksum-0.4.7
rootdir: C:\Stored\All Files\Coding\Projects\Intent-Classification-System
configfile: pyproject.toml
plugins: anyio-4.4.0, dandi-0.74.3, dash-2.18.2, langsmith-0.4.2
collecting ... collected 9 items / 3 errors

=================================== ERRORS ====================================
______________ ERROR collecting tests/test_feature_extraction.py ______________
ImportError while importing test module 'C:\Stored\All Files\Coding\Projects\Intent-Classification-System\tests\test_feature_extraction.py'.
Hint: make sure your test modules/packages have valid Python names.
Traceback:
C:\Users\prajw\AppData\Local\Programs\Python\Python312\Lib\site-packages\_pytest\python.py:493: in importtestmodule
    mod = import_path(
C:\Users\prajw\AppData\Local\Programs\Python\Python312\Lib\site-packages\_pytest\pathlib.py:582: in import_path
    importlib.import_module(module_name)
C:\Users\prajw\AppData\Local\Programs\Python\Python312\Lib\importlib\__init__.py:90: in import_module
    return _bootstrap._gcd_import(name[level:], package, level)
<frozen importlib._bootstrap>:1387: in _gcd_import
    ???
<frozen importlib._bootstrap>:1360: in _find_and_load
    ???
<frozen importlib._bootstrap>:1331: in _find_and_load_unlocked
    ???
<frozen importlib._bootstrap>:935: in _load_unlocked
    ???
C:\Users\prajw\AppData\Local\Programs\Python\Python312\Lib\site-packages\_pytest\assertion\rewrite.py:184: in exec_module
    exec(co, module.__dict__)
tests\test_feature_extraction.py:11: in <module>
    from src.audio.feature_extraction import MFCCExtractor, MFCCConfig
src\audio\__init__.py:4: in <module>
    from .feature_extraction import MFCCExtractor
src\audio\feature_extraction.py:10: in <module>
    import librosa
E   ModuleNotFoundError: No module named 'librosa'
______________ ERROR collecting tests/test_intent_classifier.py _______________
ImportError while importing test module 'C:\Stored\All Files\Coding\Projects\Intent-Classification-System\tests\test_intent_classifier.py'.
Hint: make sure your test modules/packages have valid Python names.
Traceback:
C:\Users\prajw\AppData\Local\Programs\Python\Python312\Lib\site-packages\_pytest\python.py:493: in importtestmodule
    mod = import_path(
C:\Users\prajw\AppData\Local\Programs\Python\Python312\Lib\site-packages\_pytest\pathlib.py:582: in import_path
    importlib.import_module(module_name)
C:\Users\prajw\AppData\Local\Programs\Python\Python312\Lib\importlib\__init__.py:90: in import_module
    return _bootstrap._gcd_import(name[level:], package, level)
<frozen importlib._bootstrap>:1387: in _gcd_import
    ???
<frozen importlib._bootstrap>:1360: in _find_and_load
    ???
<frozen importlib._bootstrap>:1331: in _find_and_load_unlocked
    ???
<frozen importlib._bootstrap>:935: in _load_unlocked
    ???
C:\Users\prajw\AppData\Local\Programs\Python\Python312\Lib\site-packages\_pytest\assertion\rewrite.py:184: in exec_module
    exec(co, module.__dict__)
tests\test_intent_classifier.py:10: in <module>
    from src.inference.intent_classifier import IntentClassifier, _STUB_LABELS
src\inference\__init__.py:4: in <module>
    from .wake_word_detector import WakeWordDetector
src\inference\wake_word_detector.py:14: in <module>
    from src.audio.feature_extraction import MFCCExtractor, MFCCConfig
src\audio\__init__.py:4: in <module>
    from .feature_extraction import MFCCExtractor
src\audio\feature_extraction.py:10: in <module>
    import librosa
E   ModuleNotFoundError: No module named 'librosa'
___________________ ERROR collecting tests/test_pipeline.py ___________________
ImportError while importing test module 'C:\Stored\All Files\Coding\Projects\Intent-Classification-System\tests\test_pipeline.py'.
Hint: make sure your test modules/packages have valid Python names.
Traceback:
C:\Users\prajw\AppData\Local\Programs\Python\Python312\Lib\site-packages\_pytest\python.py:493: in importtestmodule
    mod = import_path(
C:\Users\prajw\AppData\Local\Programs\Python\Python312\Lib\site-packages\_pytest\pathlib.py:582: in import_path
    importlib.import_module(module_name)
C:\Users\prajw\AppData\Local\Programs\Python\Python312\Lib\importlib\__init__.py:90: in import_module
    return _bootstrap._gcd_import(name[level:], package, level)
<frozen importlib._bootstrap>:1387: in _gcd_import
    ???
<frozen importlib._bootstrap>:1360: in _find_and_load
    ???
<frozen importlib._bootstrap>:1331: in _find_and_load_unlocked
    ???
<frozen importlib._bootstrap>:935: in _load_unlocked
    ???
C:\Users\prajw\AppData\Local\Programs\Python\Python312\Lib\site-packages\_pytest\assertion\rewrite.py:184: in exec_module
    exec(co, module.__dict__)
tests\test_pipeline.py:12: in <module>
    from src.inference.pipeline import VoicePipeline
src\inference\__init__.py:4: in <module>
    from .wake_word_detector import WakeWordDetector
src\inference\wake_word_detector.py:14: in <module>
    from src.audio.feature_extraction import MFCCExtractor, MFCCConfig
src\audio\__init__.py:4: in <module>
    from .feature_extraction import MFCCExtractor
src\audio\feature_extraction.py:10: in <module>
    import librosa
E   ModuleNotFoundError: No module named 'librosa'
=========================== short test summary info ===========================
ERROR tests/test_feature_extraction.py
ERROR tests/test_intent_classifier.py
ERROR tests/test_pipeline.py
!!!!!!!!!!!!!!!!!!! Interrupted: 3 errors during collection !!!!!!!!!!!!!!!!!!!
============================== 3 errors in 0.48s ==============================
